                      #######               #######
                      #.....#     #####     #.....#
                      #.....#######...#######....x#
                      #..<..+...............+..<..#
                      #.....#.......S.......#.....#
                      #.....#######...#######....x#
                      ###+###...............###+###
                        #..#.................#..#
                        #..#...###########...#..#
                       ##..#...#......L.>#...#..##
                       #x......#......####......x#
                       #.....Z.#......#p!#....S..#
                       #x......#..S...L.A#.......#
                       ##..#...#......#f*#...#..##
                        #..#...#####+#####...#..#
                        #..#....x............#..#
                      ###+###.............$.###+###
                      #.x...#######...#######k....#
                      #.....#.S.............#.....#
                      #..<..+...............+S.<..#
                      #.....#######...#######.....#
                      #$....#     #.@.#     #.fpf.#
                      #######     #XXX#     #######

