
                       ###########
                       #.Z.......#
                       #...x.<.x.#
                       #........S#  #########
                       #.........#  #.......#
                       #........S#  #.#####.#
                       ######.#######.#   #.#
                            #.......#.#   #.#####
                            #######S###   #.....#
                              #...!.#     #####L#
                              #.###.###########.##
                              #.# #.......S.....>#
                              #.# #######.########
                        #######.#    #..$Z......#
                        #.Z.+...#    #..S.......#
                        #.############...Z......#
                        #S#     #....$......k...#
                        #.#     #.####.......f..#
                        #.#######.#  #.....Z....#
                        #.........#  #........p.#
                        ###########  ############

