

                                 #########
                      #########  #.S.....#
                      #.......#  #.#####.#
                      #Z#####.#  #.#   #.######
                      #.#   #.####.#   #..k..<#
                      #.#   #......#   ############
                      #.#   ######.#        #...Zx#
                      #.##########.#        #####.#
                      #.........##Z######    #Z...#
                      #####.###p##......#   ##..S.#
                          #.# #.#######.#   #.SZ..#
                     ######f# #.#######.#   #.....#
                     #S.....# ###.......#   #..Z..#
                     #.######################.#####
                     #.#  #.......#   #Z...S$.#
                    ##.####.###>#.#   #.##########
                    #...S##.# ###.#   #.#  #S....#
                    #.......#   #.#####.####.#####
                    #....####   #....x.......#
                    #....#      ##############
                    ######
