
                     ###########   ################
                     #.........#   #..............#
                     #......x.Z#   #..............#
                     #.........#   #..f........p..#
                     #.........#   #..............#
                     #...S.....#   #..............#
                     #.........#####..............#
                     ######.####Z..........########
                          #+####........<..#####
                          #..+....S............#
                          #$####...........###.#
                     ######.####...........# #.#
                     #............############.####
                     #............#  #.....k..S...#
                     #..!.........#  #........*...#
                     #............#  #............#
                     #............#  #............#
                     #.....>......#  #............#
                     #............#  #$...Z.......#
                     #............#  #............#
                     ##############  ##############

