
                    ###############    ############
                    #.......k.p...#    #..........#
                    #.............#    #..........#
                    #.......S.....#    #......<..x#
                    #......Z......#### #.......f..#
                    #..............+Z# #..........#
                    #.............##.# #..........#
                    #.Z.$.!.......##.# #..........#
                    ########.#######.###..........#
                           #.#####.........########
                           #...+...........#
                           #######.........#
                     #############.........#
                     #...........#..Z......#
                     #..>.......$#..S..S...#
                     #...........###.#######
                     #...........###.#
                     #.......S.......#
                     #...........#####
                     #...........#
                     #############

