


                             #########     #######
                             #...xZ..#     #.....#
                             #.#####.#     #...f.#
                             #.#   #$#######.>...#
                       #######.#   #xp....A#.....#
                       #.......###########.####.##
                       #.#####.....#     #.#  #.#
                       #.#   #####.#     #S####.#
                       #.#####   #.#######k...L.#
                       #..SZ.#   #......##.######
                       #####.#   #.####.##.#######
                           #.#   #Z#  #.##..S....#
                      ######.#####.#  #.##########
                      #...Z......S.####.#######
                     ##.############.....S....#####
                     #....#        #.########...S.#
                     #....#   ######.#      #...SZ#
                     #.<..#   #......#      #Z....#
                     #....#   ########      ##....#
                     ######                  ######
