
                     ##########
                     #........#         ###########
                     #........#         #xZ.......#
                     #.....f*.#         #.p......Z#
                     #........#         #.........#
                     #........#         #........Z#
                     #........#         #.$.......#
                     #####.####         #.........#
                         #.#################.######
                         #...+..........#  #.#
                       #######.###Z..S..####S#####
                       #.......# #...............#
                     ###.####### #x.....########.#
                     #.....S.#   #S.....#      #.#
                     #..<....#   ##+#####      #$#
                     #.......#    #.#     ######.#
                     #.......######.#     #......#
                     #.......SL.....#     #.######
                     #.....k.########     #>#
                     #.......#            ###
                     #########

