
                                           ########
                               #########   #......#
                               #..S....#   #......#
                               #.#####.#   #...C..#
                               #.#   #.#####......#
                          ######.#   #.S..Z.......#
                          #.....!#   #x####.....S.#
                          #.######   #.#  #Z####.##
                          #.#     ####.#  #.####.#
                     ######.#######S.$.#  #.....Z#
                     #...........S#.####  #.######
                     #.##########.#.#     #.#####
                   ###.###      #Z#.#     #.....#
                   #.....#      #.####### #########
                   #.....##     #.S.....#   #.....#
                   #.....x#   #########.#   #.#####
                   #......#   #<#     #.#   #.#
                   #.f....#   #.#     #Z#####.#
                   ######.#####.#     #....p..#
                        #.Z.....#     #########
                        #########

