
                    #############     #############
                    #$..........#     #...........#
                    #...........#     #...........#
                    #...........#     #...$...>...#
                    #...........#     #...........#
                    #...........#     #...........#
                    #...........#     #...........#
                    #...........#######...........#
                    ######.####.........####.######
                         #+####..............#
                         #..S...........A...##
                         ######....S....###.#######
                    ###########...................#
                    #Z.S.......####.#.............#
                    #..........#  #Z#.............#
                    #k.........####.#....x..f.....#
                    #..........+..L.#.............#
                    #......<...######.......Z.....#
                    #..........#    #.............#
                    #S.p.......#    #.............#
                    ############    ###############

